Tejaswini@DESKTOP-BL8NDM0 MINGW64 ~/Desktop/ajax 1b
$ git clone https://github.com/TejasviniDandge/WAD-practicals.git
Cloning into 'WAD-practicals'...
fatal: unable to access 'https://github.com/TejasviniDandge/WAD-practicals.git/': Could not resolve host: github.com

Tejaswini@DESKTOP-BL8NDM0 MINGW64 ~/Desktop/ajax 1b
$ git clone https://github.com/TejasviniDandge/WAD-practicals.git
Cloning into 'WAD-practicals'...
remote: Enumerating objects: 725, done.
remote: Counting objects: 100% (725/725), done.
remote: Compressing objects: 100% (576/576), done.
remote: Total 725 (delta 113), reused 722 (delta 113), pack-reused 0
Receiving objects: 100% (725/725), 768.95 KiB | 1.29 MiB/s, done.
Resolving deltas: 100% (113/113), done.

Tejaswini@DESKTOP-BL8NDM0 MINGW64 ~/Desktop/ajax 1b
$ cd WAD-practicals

Tejaswini@DESKTOP-BL8NDM0 MINGW64 ~/Desktop/ajax 1b/WAD-practicals (main)
$ git status
On branch main
Your branch is up to date with 'origin/main'.

Untracked files:
  (use "git add <file>..." to include in what will be committed)
        ajax/

nothing added to commit but untracked files present (use "git add" to track)

Tejaswini@DESKTOP-BL8NDM0 MINGW64 ~/Desktop/ajax 1b/WAD-practicals (main)
$ git add .

Tejaswini@DESKTOP-BL8NDM0 MINGW64 ~/Desktop/ajax 1b/WAD-practicals (main)
$ git status
On branch main
Your branch is up to date with 'origin/main'.

Changes to be committed:
  (use "git restore --staged <file>..." to unstage)
        new file:   ajax/first.html
        new file:   ajax/second.html


Tejaswini@DESKTOP-BL8NDM0 MINGW64 ~/Desktop/ajax 1b/WAD-practicals (main)
$ git commit -m 'ajax added'
[main b14e269] ajax added
 2 files changed, 78 insertions(+)
 create mode 100644 ajax/first.html
 create mode 100644 ajax/second.html

Tejaswini@DESKTOP-BL8NDM0 MINGW64 ~/Desktop/ajax 1b/WAD-practicals (main)
$ git status
On branch main
Your branch is ahead of 'origin/main' by 1 commit.
  (use "git push" to publish your local commits)

nothing to commit, working tree clean

Tejaswini@DESKTOP-BL8NDM0 MINGW64 ~/Desktop/ajax 1b/WAD-practicals (main)
$ git push https://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@github.com/TejasviniDandge/WAD-practicals.git
Enumerating objects: 6, done.
Counting objects: 100% (6/6), done.
Delta compression using up to 4 threads
Compressing objects: 100% (5/5), done.
Writing objects: 100% (5/5), 1.32 KiB | 1.32 MiB/s, done.
Total 5 (delta 1), reused 0 (delta 0), pack-reused 0 (from 0)
remote: Resolving deltas: 100% (1/1), completed with 1 local object.
To https://github.com/TejasviniDandge/WAD-practicals.git
   5528801..b14e269  main -> main